
A T O M   T Y P E S

IDX	TYPE	RING
1	H_	NO
2	C_3	AL
3	C_3	AL
4	C_3	AL
5	C_3	AL
6	C_3	NO
7	C_2	AL
8	C_2	AL
9	C_2	AL
10	C_2	AL
11	C_3	AL
12	C_3	NO
13	C_3	AL
14	C_3	NO
15	C_3	NO
16	C_3	AL
17	C_3	AL
18	C_3	AL
19	O_3	NO
20	C_3	AL
21	C_2	AL
22	O_2	NO
23	O_2	AL
24	O_2	NO
25	C_2	NO
26	O_2	NO
27	C_3	NO
28	C_3	NO
29	C_3	NO
30	C_3	NO
31	C_3	NO
32	H_	NO
33	H_	NO
34	H_	NO
35	H_	NO
36	H_	NO
37	H_	NO
38	H_	NO
39	H_	NO
40	H_	NO
41	H_	NO
42	H_	NO
43	H_	NO
44	H_	NO
45	H_	NO
46	H_	NO
47	H_	NO
48	H_	NO
49	H_	NO
50	H_	NO
51	H_	NO
52	H_	NO
53	H_	NO
54	H_	NO
55	H_	NO
56	H_	NO
57	H_	NO
58	H_	NO
59	H_	NO
60	H_	NO
61	H_	NO
62	H_	NO
63	H_	NO
64	H_	NO
65	H_	NO
66	H_	NO
67	H_	NO
68	H_	NO

S E T T I N G   U P   C A L C U L A T I O N S

SETTING UP BOND CALCULATIONS...
SETTING UP ANGLE CALCULATIONS...
SETTING UP TORSION CALCULATIONS...
SETTING UP OOP CALCULATIONS...
SETTING UP VAN DER WAALS CALCULATIONS...

S T E E P E S T   D E S C E N T

STEPS = 10000

STEP n       E(n)         E(n-1)    
------------------------------------
    0     540.953      ----
   10    454.67589    456.13544
   20    444.97464    445.72427
   30    438.72638    439.27531
   40    433.84539    434.29277
   50    429.75355    430.13581
   60    426.20809    426.54253
   70    423.08219    423.37868
   80    420.29756    420.56263
   90    417.79930    418.03776
  100    415.54526    415.76092
  110    413.50118    413.69719
  120    411.63832    411.81736
  130    409.93219    410.09654
  140    408.36179    408.51341
  150    406.90909    407.04966
  160    405.55864    405.68960
  170    404.29724    404.41982
  180    403.11362    403.22887
  190    401.99824    402.10705
  200    400.94300    401.04611
  210    399.94103    400.03909
  220    398.98655    399.08009
  230    398.07467    398.16414
  240    397.20125    397.28704
  250    396.36281    396.44524
  260    395.55638    395.63572
  270    394.77946    394.85595
  280    394.02990    394.10374
  290    393.30587    393.37723
  300    392.60580    392.67482
  310    391.92831    391.99513
  320    391.27224    391.33696
  330    390.63653    390.69926
  340    390.02026    390.08108
  350    389.42262    389.48161
  360    388.84288    388.90010
  370    388.28035    388.33588
  380    387.73443    387.78833
  390    387.20456    387.25687
  400    386.69021    386.74099
  410    386.19089    386.24019
  420    385.70614    385.75400
  430    385.23552    385.28199
  440    384.77860    384.82372
  450    384.33498    384.37879
  460    383.90428    383.94680
  470    383.48610    383.52739
  480    383.08008    383.12018
  490    382.68587    382.72480
  500    382.30311    382.34091
  510    381.93146    381.96816
  520    381.57057    381.60621
  530    381.22013    381.25474
  540    380.87980    380.91341
  550    380.54928    380.58192
  560    380.22823    380.25994
  570    379.91637    379.94717
  580    379.61338    379.64331
  590    379.31897    379.34806
  600    379.03286    379.06112
  610    378.75475    378.78222
  620    378.48436    378.51108
  630    378.22144    378.24742
  640    377.96570    377.99097
  650    377.71688    377.74148
  660    377.47474    377.49868
  670    377.23901    377.26232
  680    377.00946    377.03216
  690    376.78585    376.80797
  700    376.56794    376.58950
  710    376.35551    376.37653
  720    376.14834    376.16884
  730    375.94620    375.96621
  740    375.74889    375.76842
  750    375.55620    375.57528
  760    375.36793    375.38658
  770    375.18388    375.20212
  780    375.00387    375.02171
  790    374.82770    374.84517
  800    374.65520    374.67230
  810    374.48618    374.50294
  820    374.32046    374.33691
  830    374.15789    374.17403
  840    373.99829    374.01413
  850    373.84149    373.85706
  860    373.68733    373.70265
  870    373.53566    373.55074
  880    373.38631    373.40117
  890    373.23914    373.25378
  900    373.09398    373.10843
  910    372.95068    372.96495
  920    372.80909    372.82320
  930    372.66906    372.68301
  940    372.53042    372.54425
  950    372.39304    372.40674
  960    372.25673    372.27034
  970    372.12137    372.13489
  980    371.98855    372.00118
  990    371.89346    371.90103
 1000    371.81933    371.82669
 1010    371.74616    371.75345
 1020    371.67374    371.68095
 1030    371.60203    371.60918
 1040    371.53102    371.53809
 1050    371.46066    371.46767
 1060    371.39093    371.39788
 1070    371.32182    371.32870
 1080    371.25329    371.26012
 1090    371.18531    371.19209
 1100    371.11788    371.12460
 1110    371.05096    371.05763
 1120    370.98453    370.99115
 1130    370.91856    370.92514
 1140    370.85305    370.85958
 1150    370.78795    370.79445
 1160    370.72326    370.72972
 1170    370.65895    370.66537
 1180    370.59501    370.60139
 1190    370.53140    370.53775
 1200    370.46812    370.47443
 1210    370.40513    370.41142
 1220    370.34243    370.34869
 1230    370.27999    370.28622
 1240    370.21779    370.22400
 1250    370.15581    370.16200
 1260    370.09403    370.10020
 1270    370.03243    370.03859
 1280    369.97100    369.97714
 1290    369.90971    369.91584
 1300    369.84854    369.85466
 1310    369.78747    369.79358
 1320    369.72648    369.73258
 1330    369.66555    369.67165
 1340    369.60466    369.61075
 1350    369.54378    369.54987
 1360    369.48290    369.48899
 1370    369.42198    369.42808
 1380    369.36101    369.36711
 1390    369.29996    369.30607
 1400    369.23880    369.24493
 1410    369.17751    369.18365
 1420    369.11606    369.12222
 1430    369.05442    369.06060
 1440    368.99255    368.99876
 1450    368.93044    368.93667
 1460    368.86803    368.87429
 1470    368.80530    368.81160
 1480    368.74221    368.74854
 1490    368.67872    368.68509
 1500    368.61477    368.62119
 1510    368.55033    368.55681
 1520    368.48535    368.49188
 1530    368.41977    368.42636
 1540    368.35353    368.36019
 1550    368.28656    368.29330
 1560    368.21881    368.22563
 1570    368.15018    368.15709
 1580    368.08133    368.08804
 1590    368.02847    368.03266
 1600    367.98754    367.99161
 1610    367.94677    367.95085
 1620    367.90596    367.91004
 1630    367.86510    367.86919
 1640    367.82417    367.82827
 1650    367.78317    367.78728
 1660    367.74209    367.74621
 1670    367.70092    367.70504
 1680    367.65964    367.66378
 1690    367.61825    367.62239
 1700    367.57672    367.58088
 1710    367.53506    367.53924
 1720    367.49324    367.49743
 1730    367.45125    367.45546
 1740    367.40908    367.41331
 1750    367.36671    367.37096
 1760    367.32412    367.32839
 1770    367.28130    367.28560
 1780    367.23823    367.24255
 1790    367.19488    367.19923
 1800    367.15124    367.15562
 1810    367.10728    367.11170
 1820    367.06299    367.06744
 1830    367.01832    367.02281
 1840    366.97327    366.97780
 1850    366.92779    366.93236
 1860    366.88185    366.88647
 1870    366.83543    366.84010
 1880    366.78848    366.79320
 1890    366.74096    366.74574
 1900    366.69282    366.69767
 1910    366.64403    366.64895
 1920    366.59453    366.59952
 1930    366.54425    366.54932
 1940    366.49313    366.49829
 1950    366.44112    366.44637
 1960    366.38811    366.39347
 1970    366.33404    366.33950
 1980    366.27879    366.28438
 1990    366.22227    366.22799
 2000    366.16434    366.17021
 2010    366.10487    366.11090
 2020    366.04480    366.05048
 2030    366.00438    366.00767
 2040    365.97162    365.97491
 2050    365.93865    365.94197
 2060    365.90544    365.90877
 2070    365.87195    365.87531
 2080    365.83818    365.84157
 2090    365.80410    365.80753
 2100    365.76970    365.77316
 2110    365.73496    365.73845
 2120    365.69985    365.70338
 2130    365.66435    365.66792
 2140    365.62842    365.63204
 2150    365.59206    365.59572
 2160    365.55521    365.55892
 2170    365.51785    365.52161
 2180    365.47994    365.48376
 2190    365.44144    365.44532
 2200    365.40231    365.40625
 2210    365.36249    365.36651
 2220    365.32194    365.32604
 2230    365.28059    365.28477
 2240    365.23839    365.24266
 2250    365.19525    365.19962
 2260    365.15110    365.15557
 2270    365.10584    365.11043
 2280    365.05937    365.06409
 2290    365.01158    365.01643
 2300    364.96233    364.96733
 2310    364.91147    364.91664
 2320    364.85881    364.86418
 2330    364.80417    364.80975
 2340    364.74729    364.75311
 2350    364.68793    364.69399
 2360    364.63644    364.63964
 2370    364.60771    364.61055
 2380    364.57911    364.58199
 2390    364.55016    364.55307
 2400    364.52082    364.52378
 2410    364.49107    364.49407
 2420    364.46089    364.46393
 2430    364.43024    364.43333
 2440    364.39909    364.40223
 2450    364.36740    364.37060
 2460    364.33514    364.33840
 2470    364.30225    364.30557
 2480    364.26869    364.27209
 2490    364.23441    364.23788
 2500    364.19935    364.20290
 2510    364.16344    364.16707
 2520    364.12660    364.13033
 2530    364.08875    364.09259
 2540    364.04980    364.05376
 2550    364.00964    364.01372
 2560    363.96814    363.97237
 2570    363.92517    363.92955
 2580    363.88057    363.88512
 2590    363.83413    363.83888
 2600    363.78565    363.79061
 2610    363.73485    363.74006
 2620    363.68142    363.68691
 2630    363.62497    363.63079
 2640    363.56505    363.57124
 2650    363.50814    363.51165
 2660    363.48144    363.48402
 2670    363.45548    363.45810
 2680    363.42908    363.43174
 2690    363.40219    363.40491
 2700    363.37480    363.37756
 2710    363.34684    363.34967
 2720    363.31829    363.32118
 2730    363.28909    363.29204
 2740    363.25918    363.26221
 2750    363.22850    363.23161
 2760    363.19698    363.20018
 2770    363.16455    363.16785
 2780    363.13112    363.13452
 2790    363.09658    363.10010
 2800    363.06082    363.06447
 2810    363.02371    363.02750
 2820    362.98510    362.98904
 2830    362.94480    362.94892
 2840    362.90260    362.90692
 2850    362.85825    362.86281
 2860    362.81146    362.81628
 2870    362.76186    362.76697
 2880    362.70899    362.71446
 2890    362.65230    362.65819
 2900    362.59117    362.59748
 2910    362.55025    362.55263
 2920    362.52645    362.52885
 2930    362.50218    362.50463
 2940    362.47739    362.47990
 2950    362.45204    362.45461
 2960    362.42607    362.42871
 2970    362.39944    362.40214
 2980    362.37207    362.37485
 2990    362.34390    362.34677
 3000    362.31485    362.31780
 3010    362.28482    362.28788
 3020    362.25371    362.25688
 3030    362.22140    362.22470
 3040    362.18775    362.19119
 3050    362.15260    362.15620
 3060    362.11575    362.11953
 3070    362.07698    362.08097
 3080    362.03602    362.04024
 3090    361.99254    361.99703
 3100    361.94612    361.95093
 3110    361.89626    361.90145
 3120    361.84232    361.84795
 3130    361.78346    361.78963
 3140    361.71972    361.72569
 3150    361.69058    361.69279
 3160    361.66826    361.67052
 3170    361.64543    361.64774
 3180    361.62202    361.62440
 3190    361.59800    361.60044
 3200    361.57328    361.57579
 3210    361.54780    361.55039
 3220    361.52148    361.52416
 3230    361.49421    361.49699
 3240    361.46591    361.46880
 3250    361.43643    361.43945
 3260    361.40564    361.40880
 3270    361.37336    361.37668
 3280    361.33940    361.34289
 3290    361.30350    361.30720
 3300    361.26538    361.26932
 3310    361.22466    361.22888
 3320    361.18092    361.18547
 3330    361.13356    361.13850
 3340    361.08186    361.08729
 3350    361.02485    361.03087
 3360    360.96135    360.96799
 3370    360.92465    360.92674
 3380    360.90357    360.90571
 3390    360.88195    360.88414
 3400    360.85972    360.86198
 3410    360.83681    360.83914
 3420    360.81315    360.81556
 3430    360.78865    360.79115
 3440    360.76321    360.76581
 3450    360.73670    360.73941
 3460    360.70899    360.71183
 3470    360.67992    360.68290
 3480    360.64929    360.65244
 3490    360.61688    360.62022
 3500    360.58239    360.58596
 3510    360.54549    360.54932
 3520    360.50574    360.50988
 3530    360.46259    360.46710
 3540    360.41532    360.42028
 3550    360.36298    360.36851
 3560    360.30427    360.31052
 3570    360.24440    360.24759
 3580    360.22370    360.22568
 3590    360.20367    360.20570
 3600    360.18306    360.18516
 3610    360.16181    360.16398
 3620    360.13983    360.14207
 3630    360.11702    360.11935
 3640    360.09329    360.09572
 3650    360.06850    360.07104
 3660    360.04250    360.04517
 3670    360.01512    360.01794
 3680    359.98616    359.98915
 3690    359.95534    359.95853
 3700    359.92237    359.92579
 3710    359.88683    359.89054
 3720    359.84824    359.85228
 3730    359.80595    359.81039
 3740    359.75908    359.76403
 3750    359.70646    359.71207
 3760    359.64643    359.65288
 3770    359.58579    359.58846
 3780    359.56705    359.56888
 3790    359.54852    359.55041
 3800    359.52946    359.53140
 3810    359.50978    359.51178
 3820    359.48939    359.49147
 3830    359.46822    359.47038
 3840    359.44613    359.44839
 3850    359.42300    359.42537
 3860    359.39867    359.40118
 3870    359.37296    359.37561
 3880    359.34563    359.34845
 3890    359.31640    359.31943
 3900    359.28493    359.28820
 3910    359.25076    359.25433
 3920    359.21333    359.21726
 3930    359.17186    359.17625
 3940    359.12532    359.13028
 3950    359.07225    359.07796
 3960    359.01051    359.01721
 3970    358.97143    358.97315
 3980    358.95399    358.95576
 3990    358.93601    358.93784
 4000    358.91740    358.91930
 4010    358.89807    358.90005
 4020    358.87792    358.87998
 4030    358.85681    358.85898
 4040    358.83459    358.83688
 4050    358.81109    358.81352
 4060    358.78607    358.78866
 4070    358.75927    358.76206
 4080    358.73034    358.73336
 4090    358.69884    358.70214
 4100    358.66419    358.66784
 4110    358.62563    358.62972
 4120    358.58210    358.58676
 4130    358.53209    358.53749
 4140    358.47334    358.47977
 4150    358.43163    358.43328
 4160    358.41490    358.41660
 4170    358.39757    358.39934
 4180    358.37955    358.38139
 4190    358.36072    358.36265
 4200    358.34095    358.34299
 4210    358.32009    358.32224
 4220    358.29792    358.30022
 4230    358.27423    358.27669
 4240    358.24871    358.25137
 4250    358.22097    358.22388
 4260    358.19053    358.19374
 4270    358.15673    358.16032
 4280    358.11868    358.12274
 4290    358.07508    358.07978
 4300    358.02407    358.02963
 4310    357.96372    357.96963
 4320    357.94163    357.94317
 4330    357.92602    357.92762
 4340    357.90983    357.91149
 4350    357.89294    357.89467
 4360    357.87524    357.87706
 4370    357.85659    357.85851
 4380    357.83681    357.83885
 4390    357.81568    357.81787
 4400    357.79294    357.79531
 4410    357.76825    357.77083
 4420    357.74116    357.74401
 4430    357.71108    357.71427
 4440    357.67724    357.68085
 4450    357.63860    357.64276
 4460    357.59372    357.59859
 4470    357.54038    357.54625
 4480    357.50216    357.50356
 4490    357.48808    357.48952
 4500    357.47350    357.47499
 4510    357.45832    357.45988
 4520    357.44244    357.44407
 4530    357.42572    357.42744
 4540    357.40800    357.40983
 4550    357.38908    357.39104
 4560    357.36873    357.37085
 4570    357.34669    357.34900
 4580    357.32266    357.32518
 4590    357.29623    357.29901
 4600    357.26690    357.27001
 4610    357.23401    357.23751
 4620    357.19666    357.20066
 4630    357.15357    357.15823
 4640    357.10560    357.10899
 4650    357.09000    357.09135
 4660    357.07631    357.07771
 4670    357.06199    357.06346
 4680    357.04694    357.04849
 4690    357.03100    357.03265
 4700    357.01406    357.01582
 4710    356.99596    356.99784
 4720    356.97651    356.97853
 4730    356.95548    356.95768
 4740    356.93263    356.93502
 4750    356.90761    356.91024
 4760    356.88001    356.88292
 4770    356.84931    356.85257
 4780    356.81480    356.81848
 4790    356.77551    356.77973
 4800    356.73102    356.73511
 4810    356.71393    356.71520
 4820    356.70092    356.70226
 4830    356.68727    356.68867
 4840    356.67287    356.67435
 4850    356.65762    356.65920
 4860    356.64141    356.64309
 4870    356.62410    356.62589
 4880    356.60552    356.60745
 4890    356.58551    356.58759
 4900    356.56383    356.56610
 4910    356.54023    356.54270
 4920    356.51437    356.51708
 4930    356.48584    356.48885
 4940    356.45412    356.45748
 4950    356.41850    356.42229
 4960    356.38158    356.38359
 4970    356.36876    356.36998
 4980    356.35624    356.35753
 4990    356.34306    356.34442
 5000    356.32915    356.33058
 5010    356.31440    356.31593
 5020    356.29872    356.30034
 5030    356.28199    356.28372
 5040    356.26408    356.26594
 5050    356.24483    356.24684
 5060    356.22408    356.22624
 5070    356.20161    356.20395
 5080    356.17716    356.17972
 5090    356.15044    356.15324
 5100    356.12104    356.12414
 5110    356.08889    356.09207
 5120    356.07379    356.07489
 5130    356.06260    356.06375
 5140    356.05085    356.05206
 5150    356.03849    356.03976
 5160    356.02544    356.02678
 5170    356.01139    356.01286
 5180    355.99582    355.99747
 5190    355.97831    355.98019
 5200    355.95823    355.96040
 5210    355.93463    355.93721
 5220    355.90605    355.90923
 5230    355.87104    355.87478
 5240    355.84442    355.84533
 5250    355.83525    355.83619
 5260    355.82571    355.82668
 5270    355.81575    355.81677
 5280    355.80525    355.80634
 5290    355.79394    355.79512
 5300    355.78158    355.78288
 5310    355.76790    355.76935
 5320    355.75251    355.75415
 5330    355.73482    355.73673
 5340    355.71400    355.71628
 5350    355.68871    355.69153
 5360    355.65665    355.66032
 5370    355.61841    355.61997
 5380    355.61029    355.61104
 5390    355.60269    355.60347
 5400    355.59486    355.59566
 5410    355.58675    355.58758
 5420    355.57825    355.57913
 5430    355.56920    355.57014
 5440    355.55945    355.56047
 5450    355.54882    355.54994
 5460    355.53706    355.53830
 5470    355.52380    355.52522
 5480    355.50855    355.51020
 5490    355.49056    355.49254
 5500    355.46862    355.47107
 5510    355.44065    355.44386
 5520    355.40500    355.40777
 5530    355.39583    355.39655
 5540    355.38849    355.38925
 5550    355.38071    355.38152
 5560    355.37237    355.37324
 5570    355.36331    355.36426
 5580    355.35331    355.35437
 5590    355.34209    355.34329
 5600    355.32923    355.33062
 5610    355.31411    355.31577
 5620    355.29576    355.29781
 5630    355.27250    355.27516
 5640    355.24114    355.24487
 5650    355.21692    355.21750
 5660    355.21103    355.21163
 5670    355.20496    355.20558
 5680    355.19859    355.19925
 5690    355.19185    355.19255
 5700    355.18461    355.18537
 5710    355.17673    355.17756
 5720    355.16802    355.16894
 5730    355.15819    355.15925
 5740    355.14687    355.14810
 5750    355.13345    355.13493
 5760    355.11696    355.11882
 5770    355.09572    355.09817
 5780    355.06633    355.06988
 5790    355.04797    355.04847
 5800    355.04294    355.04345
 5810    355.03778    355.03831
 5820    355.03242    355.03297
 5830    355.02677    355.02736
 5840    355.02075    355.02138
 5850    355.01424    355.01493
 5860    355.00709    355.00784
 5870    354.99907    354.99992
 5880    354.98988    354.99087
 5890    354.97907    354.98026
 5900    354.96590    354.96737
 5910    354.94911    354.95104
 5920    354.92625    354.92899
 5930    354.89911    354.89967
 5940    354.89469    354.89514
 5950    354.89021    354.89067
 5960    354.88555    354.88603
 5970    354.88065    354.88115
 5980    354.87540    354.87595
 5990    354.86971    354.87031
 6000    354.86342    354.86409
 6010    354.85633    354.85709
 6020    354.84813    354.84902
 6030    354.83836    354.83944
 6040    354.82624    354.82761
 6050    354.81041    354.81226
 6060    354.78801    354.79076
 6070    354.76966    354.77006
 6080    354.76563    354.76605
 6090    354.76141    354.76185
 6100    354.75691    354.75738
 6110    354.75203    354.75255
 6120    354.74666    354.74723
 6130    354.74059    354.74125
 6140    354.73358    354.73435
 6150    354.72521    354.72614
 6160    354.71480    354.71598
 6170    354.70113    354.70273
 6180    354.68162    354.68403
 6190    354.66682    354.66718
 6200    354.66313    354.66351
 6210    354.65922    354.65963
 6220    354.65499    354.65543
 6230    354.65032    354.65082
 6240    354.64506    354.64563
 6250    354.63897    354.63963
 6260    354.63168    354.63249
 6270    354.62258    354.62362
 6280    354.61054    354.61196
 6290    354.59318    354.59534
 6300    354.57516    354.57546
 6310    354.57213    354.57244
 6320    354.56897    354.56930
 6330    354.56564    354.56599
 6340    354.56206    354.56244
 6350    354.55813    354.55855
 6360    354.55373    354.55420
 6370    354.54865    354.54920
 6380    354.54260    354.54327
 6390    354.53508    354.53593
 6400    354.52518    354.52634
 6410    354.51101    354.51276
 6420    354.49658    354.49687
 6430    354.49359    354.49390
 6440    354.49037    354.49071
 6450    354.48682    354.48720
 6460    354.48282    354.48325
 6470    354.47816    354.47867
 6480    354.47254    354.47317
 6490    354.46544    354.46626
 6500    354.45587    354.45701
 6510    354.44160    354.44340
 6520    354.43024    354.43047
 6530    354.42790    354.42814
 6540    354.42553    354.42577
 6550    354.42308    354.42333
 6560    354.42051    354.42077
 6570    354.41775    354.41803
 6580    354.41472    354.41504
 6590    354.41131    354.41167
 6600    354.40736    354.40779
 6610    354.40260    354.40313
 6620    354.39660    354.39728
 6630    354.38851    354.38947
 6640    354.37646    354.37799
 6650    354.36456    354.36477
 6660    354.36248    354.36269
 6670    354.36035    354.36057
 6680    354.35815    354.35837
 6690    354.35580    354.35605
 6700    354.35325    354.35352
 6710    354.35042    354.35072
 6720    354.34717    354.34752
 6730    354.34330    354.34372
 6740    354.33848    354.33903
 6750    354.33212    354.33287
 6760    354.32292    354.32406
 6770    354.30931    354.30983
 6780    354.30710    354.30729
 6790    354.30516    354.30536
 6800    354.30312    354.30333
 6810    354.30092    354.30115
 6820    354.29848    354.29874
 6830    354.29571    354.29601
 6840    354.29243    354.29279
 6850    354.28838    354.28884
 6860    354.28307    354.28369
 6870    354.27548    354.27642
 6880    354.26301    354.26470
 6890    354.25809    354.25825
 6900    354.25643    354.25659
 6910    354.25473    354.25491
 6920    354.25297    354.25315
 6930    354.25109    354.25128
 6940    354.24902    354.24924
 6950    354.24670    354.24695
 6960    354.24398    354.24428
 6970    354.24066    354.24103
 6980    354.23637    354.23687
 6990    354.23037    354.23110
 7000    354.22085    354.22211
 7010    354.21099    354.21114
 7020    354.20949    354.20965
 7030    354.20794    354.20810
 7040    354.20630    354.20647
 7050    354.20450    354.20469
 7060    354.20248    354.20270
 7070    354.20013    354.20038
 7080    354.19726    354.19758
 7090    354.19355    354.19398
 7100    354.18837    354.18900
 7110    354.18013    354.18122
 7120    354.17175    354.17188
 7130    354.17041    354.17055
 7140    354.16905    354.16919
 7150    354.16764    354.16778
 7160    354.16611    354.16627
 7170    354.16442    354.16461
 7180    354.16249    354.16270
 7190    354.16018    354.16044
 7200    354.15726    354.15760
 7210    354.15332    354.15379
 7220    354.14737    354.14813
 7230    354.13671    354.13807
 7240    354.13417    354.13430
 7250    354.13298    354.13310
 7260    354.13178    354.13190
 7270    354.13057    354.13069
 7280    354.12929    354.12942
 7290    354.12791    354.12806
 7300    354.12637    354.12654
 7310    354.12459    354.12478
 7320    354.12242    354.12266
 7330    354.11962    354.11994
 7340    354.11569    354.11617
 7350    354.10939    354.11023
 7360    354.10061    354.10074
 7370    354.09952    354.09963
 7380    354.09841    354.09853
 7390    354.09724    354.09736
 7400    354.09596    354.09609
 7410    354.09450    354.09466
 7420    354.09278    354.09297
 7430    354.09063    354.09087
 7440    354.08774    354.08808
 7450    354.08343    354.08398
 7460    354.07570    354.07680
 7470    354.07134    354.07145
 7480    354.07011    354.07024
 7490    354.06869    354.06885
 7500    354.06697    354.06716
 7510    354.06474    354.06500
 7520    354.06159    354.06198
 7530    354.05646    354.05715
 7540    354.05192    354.05201
 7550    354.05091    354.05101
 7560    354.04979    354.04991
 7570    354.04850    354.04864
 7580    354.04694    354.04711
 7590    354.04491    354.04515
 7600    354.04205    354.04240
 7610    354.03736    354.03799
 7620    354.02888    354.02904
 7630    354.02788    354.02797
 7640    354.02705    354.02713
 7650    354.02623    354.02631
 7660    354.02539    354.02547
 7670    354.02450    354.02459
 7680    354.02353    354.02364
 7690    354.02242    354.02254
 7700    354.02109    354.02124
 7710    354.01937    354.01957
 7720    354.01697    354.01727
 7730    354.01312    354.01363
 7740    354.00508    354.00629
 7750    354.00309    354.00317
 7760    354.00232    354.00240
 7770    354.00148    354.00157
 7780    354.00055    354.00065
 7790    353.99946    353.99958
 7800    353.99809    353.99825
 7810    353.99624    353.99646
 7820    353.99343    353.99379
 7830    353.98816    353.98894
 7840    353.98451    353.98458
 7850    353.98382    353.98389
 7860    353.98310    353.98317
 7870    353.98231    353.98239
 7880    353.98140    353.98150
 7890    353.98032    353.98044
 7900    353.97891    353.97907
 7910    353.97689    353.97714
 7920    353.97353    353.97399
 7930    353.96695    353.96716
 7940    353.96621    353.96628
 7950    353.96552    353.96560
 7960    353.96476    353.96484
 7970    353.96386    353.96396
 7980    353.96273    353.96286
 7990    353.96118    353.96137
 8000    353.95876    353.95908
 8010    353.95398    353.95472
 8020    353.95068    353.95073
 8030    353.95009    353.95015
 8040    353.94946    353.94952
 8050    353.94875    353.94883
 8060    353.94791    353.94800
 8070    353.94684    353.94696
 8080    353.94534    353.94552
 8090    353.94289    353.94322
 8100    353.93773    353.93848
 8110    353.93643    353.93649
 8120    353.93576    353.93583
 8130    353.93496    353.93505
 8140    353.93391    353.93403
 8150    353.93240    353.93259
 8160    353.92981    353.93017
 8170    353.92493    353.92502
 8180    353.92442    353.92447
 8190    353.92387    353.92393
 8200    353.92325    353.92332
 8210    353.92250    353.92259
 8220    353.92151    353.92163
 8230    353.92006    353.92025
 8240    353.91747    353.91784
 8250    353.91169    353.91180
 8260    353.91117    353.91122
 8270    353.91069    353.91074
 8280    353.91016    353.91021
 8290    353.90952    353.90959
 8300    353.90870    353.90880
 8310    353.90753    353.90768
 8320    353.90556    353.90583
 8330    353.90082    353.90163
 8340    353.89956    353.89960
 8350    353.89911    353.89916
 8360    353.89861    353.89866
 8370    353.89800    353.89807
 8380    353.89719    353.89729
 8390    353.89600    353.89615
 8400    353.89382    353.89413
 8410    353.88883    353.88889
 8420    353.88841    353.88845
 8430    353.88802    353.88806
 8440    353.88764    353.88768
 8450    353.88725    353.88729
 8460    353.88681    353.88685
 8470    353.88628    353.88634
 8480    353.88561    353.88569
 8490    353.88463    353.88475
 8500    353.88289    353.88314
 8510    353.87864    353.87910
 8520    353.87787    353.87791
 8530    353.87751    353.87754
 8540    353.87710    353.87714
 8550    353.87660    353.87666
 8560    353.87595    353.87603
 8570    353.87497    353.87510
 8580    353.87313    353.87340
 8590    353.86942    353.86946
 8600    353.86908    353.86911
 8610    353.86875    353.86879
 8620    353.86843    353.86847
 8630    353.86809    353.86813
 8640    353.86770    353.86774
 8650    353.86721    353.86727
 8660    353.86655    353.86663
 8670    353.86546    353.86561
 8680    353.86305    353.86346
 8690    353.85987    353.85990
 8700    353.85957    353.85960
 8710    353.85928    353.85931
 8720    353.85896    353.85900
 8730    353.85861    353.85864
 8740    353.85816    353.85821
 8750    353.85752    353.85760
 8760    353.85646    353.85660
 8770    353.85383    353.85431
 8780    353.85178    353.85181
 8790    353.85150    353.85153
 8800    353.85124    353.85126
 8810    353.85095    353.85098
 8820    353.85064    353.85067
 8830    353.85025    353.85029
 8840    353.84970    353.84977
 8850    353.84880    353.84893
 8860    353.84666    353.84704
 8870    353.84381    353.84385
 8880    353.84352    353.84355
 8890    353.84326    353.84329
 8900    353.84302    353.84304
 8910    353.84277    353.84279
 8920    353.84249    353.84252
 8930    353.84215    353.84219
 8940    353.84168    353.84174
 8950    353.84091    353.84101
 8960    353.83909    353.83941
 8970    353.83631    353.83634
 8980    353.83599    353.83603
 8990    353.83553    353.83559
 9000    353.83473    353.83484
 9010    353.83409    353.83411
 9020    353.83382    353.83385
 9030    353.83348    353.83352
 9040    353.83296    353.83302
 9050    353.83194    353.83209
 9060    353.83012    353.83014
 9070    353.82990    353.82992
 9080    353.82964    353.82967
 9090    353.82931    353.82935
 9100    353.82878    353.82885
 9110    353.82766    353.82785
 9120    353.82452    353.82456
 9130    353.82433    353.82435
 9140    353.82414    353.82416
 9150    353.82392    353.82394
 9160    353.82364    353.82367
 9170    353.82321    353.82327
 9180    353.82238    353.82251
 9190    353.81966    353.81972
 9200    353.81945    353.81947
 9210    353.81924    353.81926
 9220    353.81896    353.81899
 9230    353.81852    353.81858
 9240    353.81753    353.81770
 9250    353.81395    353.81401
 9260    353.81378    353.81380
 9270    353.81362    353.81364
 9280    353.81341    353.81344
 9290    353.81312    353.81316
 9300    353.81260    353.81268
 9310    353.81090    353.81128
 9320    353.80894    353.80896
 9330    353.80864    353.80868
 9340    353.80829    353.80831
 9350    353.80807    353.80810
 9360    353.80772    353.80777
 9370    353.80735    353.80737
 9380    353.80716    353.80718
 9390    353.80686    353.80690
 9400    353.80626    353.80632
 9410    353.80606    353.80607
 9420    353.80586    353.80588
 9430    353.80554    353.80559
 9440    353.80480    353.80493
 9450    353.80428    353.80429
 9460    353.80415    353.80417
 9470    353.80400    353.80402
 9480    353.80380    353.80383
 9490    353.80347    353.80351
 9500    353.80253    353.80272
 9510    353.80056    353.80057
 9520    353.80044    353.80045
 9530    353.80032    353.80033
 9540    353.80018    353.80020
 9550    353.80000    353.80002
 9560    353.79966    353.79971
 9570    353.79853    353.79879
 9580    353.79695    353.79696
 9590    353.79684    353.79686
 9600    353.79672    353.79674
 9610    353.79656    353.79658
 9620    353.79625    353.79630
 9630    353.79513    353.79541
    STEEPEST DESCENT HAS CONVERGED
1 molecule converted
